Amazon.in Product Capture Log
Captured at: 2026-09-08T13:06:39.562Z
URL: https://www.amazon.in/Samsung-inches-Crystal-Vision-UA55UE85AHULXL/dp/B0GYRRLP87/ref=sr_1_2?dib=eyJ2IjoiMSJ9.ZbB_3NTXLgaUBeHVxmmIUtoPQlE4xj1ci_0Je2QmEegpAKUUD6J7wX1MG0HwhRMN312tj9djkMhRlKXW_tchDBVrU_65mzMxhPcIPAoQQgwtMpvWlgGCdr0JLkAvdbnoH-P94WLOThvSUENlzVtbxJ2je86Hf9QJLrnDPqsntr-mty0dFK0WyDia5tog2kROs_ZOa4LZA5oxGxjEjNG8hakI4MlwAoWlEHNMn3MSnnE.q0EDdWmNE0Z0wTlYdN-9v7fdoxZ-mDY9j9FCYyHjLBY&dib_tag=se&keywords=television%2B55%2Binch&qid=1788872745&refinements=p_123%3A237204%7C46655&rnid=91049095031&sr=8-2&th=1

--- Mandatory fields ---
Product Title: Samsung 55 inches Crystal UHD 4K Samsung Vision AI Smart TV UA55UE85AHULXL
Product Price: ₹45,990.00

Product Details:
[Display]
Display Technology: LED
Resolution: 4K
Refresh Rate: 50 Hz
Aspect Ratio: 16:9
Screen Finish Type: Flat
HDR Format Supported: HDR10+
Motion Enhancement Technology: Motion Xcelerator
Picture Quality Enhancement Technology: 4K Upscaling, Crystal Processor 4K, Pur Color
Response Time: 8 Milliseconds
Display Backlight Configuration: Direct LED
Display Backlight Setting: UHD Dimming
Display Backlight Technology: LED
Display Refresh Rate in Hertz: 50

[Measurements]
Screen Size Unit of Measure: 55 Inches
Item Weight Unit of Measure: 10.5 Kilograms
Display Size Class: 55 Inches
Size: 55 Inches

[Connectivity]
Network Connectivity Technology: Ethernet, HDMI, USB, Wi-Fi
Internet Applications: Hotstar, Netflix, Prime Video, SonyLiv, YouTube
Audio Input: HDMI
Signal Format: Analog
Total Number of HDMI Ports: 3
Hardware Interface: Bluetooth, Ethernet, HDMI, USB
Wireless Technology Type: Bluetooth, Radio Frequency, Wi-Fi
Screen Mirroring Technology: AirPlay, Smart View
Bluetooth Version: 5.3
Connector Type: Bluetooth, RF In
Total USB 2.0 Ports: 1
Total USB Ports: 1
Content Sharing Direction: Mobile to TV

[Features]
Product Features: Color Booster | Contrast Enhancer | PurColor, Crystal Processor 4K | Vision AI Companion | Football Mode | 4K Upscaling | MetalStream Design | Samsung Knox Security | Over 150+ Free Channels

[System]
Operating Systems: Tizen
Memory Storage Capacity: 8 GB
Control Method: App, Remote, Voice

[Item details]
Brand Name: Samsung
Box Contents: 1Number LED TV, 2Numbers BATTERY (AAA Size), 1Number POWER CORD, 1Number REMOCON
Model Name: UA series
Antenna Location: Indoor
Model Year: 2026
Model Number: UA55UE85AHULXL
Warranty Description: 1 year comprehensive warranty + 1 year Additional warranty on panel provided by the manufacturer from date of purchase | Contact Brand toll free number for assistance @ 1800 5726 7864 and provide product's model name and seller's details mentioned on your invoice. The service center will allot you a convenient slot for the service)
Model Series: Crystal UHD 4K
Specific Uses For Product: Entertainment, Gaming, Workspace
Unit Count: 1.0 Case
Manufacturer: Samsung India Electronics Limited, Samsung India Electronics Pvt. Ltd. having its Registered Office at: 6th Floor, DLF Centre, Sansad Marg, New Delhi-110001
Number of Items: 1
Country of Origin: India
Importer Contact Information: Samsung India Electronics Pvt. Ltd., 6th Floor, DLF Centre, Sansad Marg, New Delhi - 110001 Email us at: support.india@samsung.com Tel (Toll Free): 1800 40 7267864 (1800 40 SAMSUNG)
Item Type Name: Smart TV
Manufacturer Contact Information: Samsung India Electronics Pvt. Ltd. having its Registered Office at: 6th Floor, DLF Centre, Sansad Marg, New Delhi-110001
Packer Contact Information: Samsung India Electronics Pvt. Ltd., 6th Floor, DLF Centre, Sansad Marg, New Delhi - 110001 Email us at: support.india@samsung.com Tel (Toll Free): 1800 40 7267864 (1800 40 SAMSUNG)
Manufacturer Part Number: UA55UE85AHULXL
Best Sellers Rank: #297 in Electronics (See Top 100 in Electronics)
#2 in Smart Televisions
ASIN: B0GYRRLP87
Customer Reviews: 4.3 
4.3 out of 5 stars
   (620)
4.3 out of 5 stars

[Audio]
Audio Output Mode: Surround
Speaker Description: A 3D surround sound with Object Tracking Sound Lite Technology will allow you to be fully immersed in the audio experience. In addition Q-Symphony technology syncs the TV and soundbar audio to play simultaneously — without muting the speakers of either device.
Speaker Maximum Output Power: 30 Watts
Number of Audio Channels: Object Tracking Sound Lite
Integrated Surround Sound Format: DTV Sound System Dolby

[Power]
Voltage: 220 Volts
Power Consumption: 125 Watts
Line Voltage: 100-240 VAC 50-60 Hz
Number of Batteries: 2 AAA batteries required. (included)
Annual Energy Consumption: 181.77 Kilowatt Hours

[Installation]
Mounting Type: Table Mount and Wall Mount
VESA Mount Standard: 200 x 200 mm

[Additional details]
Colour: Black
Warranty Type: Onsite Warranty on Product, warranty against any defect arising out of faulty or defective material or workmanship
Compatible Devices: Gaming Console, Set-Top Box/DTH, Smartphone, Speaker, Tablet
Tuner Type: DVB-T2CS2
Video Encoding: AVI, MKV, ASF , MP4, 3GP , MOV, FLV, VRO , VOB, PS, TS

--- Additional information ---
About this item:
About this item
Resolution: 4K Ultra HD (3840 x 2160) | Refresh Rate: 50 Hertz
Connectivity: Enjoy seamless integration with 3 HDMI Ports for connecting your Set-Top Box/DTH, Soundbar, Home Theater, Gaming Console, and more. Plus, stay flexible with 1 USB-A Port for easy access to Hard Drives and other USB-compatible devices. Stay connected with Wi-Fi 5, Bluetooth 5.3, and HDMI eARC, along with an Ethernet LAN Port for stable wired internet. Additional features include Anynet+ (HDMI-CEC) for unified control and RF In for Terrestrial/Cable input
Sound Features: Powerful 30 W Sound Output | Object Tracking Sound Lite | Q-Symphony | Adaptive Sound
Smart TV Features: Voice Assistance Remote Control | Works with AI Speaker (Alexa & Google Assistant) | Vision AI Companion | Football Mode | Endless Content with Samsung TV Plus (Access 150+ free TV Channels) | Web Browser | Quick Remote | Mobile-to-TV Mirroring | Sound Mirroring | Wireless TV On | Connect Apple Devices with AirPlay | Karaoke Mic | Google Cast | Auto Game Mode (ALLM) | VRR | HGiG | Universal Guide | Daily+ | Multi-output Audio | Storage Sharing | Energy Rating: 3 Star | Annual Energy Consumption: 181.77 kWh
Display Features: Crystal Processor 4K | HDR10+ Support | Pur Color | 4K Upscaling | Color Booster | Mega Contrast | Contrast Enhancer | UHD Dimming | Motion Xcelerator | HLG (Hybrid Log Gamma) | Film Mode | Filmmaker Mode | MetalStream Design
› See more product details

Brand:
Visit the Samsung Store

Availability:
In stock

Rating:
4.3 
4.3 out of 5 stars
   (620)

ASIN:
B0GYRRLP87
